// Jest Snapshot v1, https://goo.gl/fbAQLP

exports[`dropAddListForm snapshot 1`] = `
<Fragment>
  <WithStyles(ForwardRef(Grid))
    alignItems="flex-end"
    container={true}
    direction="column"
    justify="flex-start"
  >
    <WithStyles(ForwardRef(Grid))
      container={true}
      direction="row"
      justify="flex-end"
    >
      <button
        className="drop-button"
        disabled={false}
        onClick={[Function]}
        type="button"
      >
        <WithStyles(ForwardRef(Grid))
          alignItems="center"
          container={true}
          justify="center"
        >
          <WithStyles(ForwardRef(Grid))
            item={true}
          >
            <i
              className="material-icons drop-icon"
            >
              clear
            </i>
          </WithStyles(ForwardRef(Grid))>
          <WithStyles(ForwardRef(Grid))
            item={true}
          >
            dropAddList.drop
          </WithStyles(ForwardRef(Grid))>
        </WithStyles(ForwardRef(Grid))>
      </button>
    </WithStyles(ForwardRef(Grid))>
    <hr
      className="drop-add-list-hr"
    />
    <WithStyles(ForwardRef(Grid))
      container={true}
      direction="row"
      justify="flex-end"
    >
      <button
        className="drop-button"
        disabled={false}
        onClick={[Function]}
        type="button"
      >
        <WithStyles(ForwardRef(Grid))
          alignItems="center"
          container={true}
          justify="center"
        >
          <WithStyles(ForwardRef(Grid))
            item={true}
          >
            <i
              className="material-icons drop-icon"
            >
              clear
            </i>
          </WithStyles(ForwardRef(Grid))>
          <WithStyles(ForwardRef(Grid))
            item={true}
          >
            dropAddList.drop
          </WithStyles(ForwardRef(Grid))>
        </WithStyles(ForwardRef(Grid))>
      </button>
    </WithStyles(ForwardRef(Grid))>
    <hr
      className="drop-add-list-hr"
    />
    <WithStyles(ForwardRef(Grid))
      container={true}
      direction="row"
      justify="flex-end"
    >
      <button
        className="drop-button"
        disabled={false}
        onClick={[Function]}
        type="button"
      >
        <WithStyles(ForwardRef(Grid))
          alignItems="center"
          container={true}
          justify="center"
        >
          <WithStyles(ForwardRef(Grid))
            item={true}
          >
            <i
              className="material-icons drop-icon"
            >
              clear
            </i>
          </WithStyles(ForwardRef(Grid))>
          <WithStyles(ForwardRef(Grid))
            item={true}
          >
            dropAddList.drop
          </WithStyles(ForwardRef(Grid))>
        </WithStyles(ForwardRef(Grid))>
      </button>
    </WithStyles(ForwardRef(Grid))>
  </WithStyles(ForwardRef(Grid))>
  <WithStyles(ForwardRef(Grid))
    container={true}
    justify="flex-start"
  >
    <WithStyles(ForwardRef(Grid))
      item={true}
    >
      <button
        className="add-button"
        disabled={false}
        onClick={[Function]}
        type="button"
      >
        <WithStyles(ForwardRef(Grid))
          alignItems="center"
          container={true}
          justify="center"
        >
          <WithStyles(ForwardRef(Grid))
            item={true}
          >
            <i
              className="material-icons md-24 plus-icon"
            >
              add
            </i>
          </WithStyles(ForwardRef(Grid))>
          <WithStyles(ForwardRef(Grid))
            item={true}
          >
            dropAddList.add
          </WithStyles(ForwardRef(Grid))>
        </WithStyles(ForwardRef(Grid))>
      </button>
    </WithStyles(ForwardRef(Grid))>
  </WithStyles(ForwardRef(Grid))>
</Fragment>
`;
