// Jest Snapshot v1, https://goo.gl/fbAQLP

exports[`login snapshot 1`] = `
<form
  onSubmit={[MockFunction]}
>
  <WithStyles(ForwardRef(Grid))
    alignItems="center"
    container={true}
    direction="column"
    justify="center"
    spacing={2}
  >
    <WithStyles(ForwardRef(Grid))
      container={true}
      item={true}
      justify="flex-start"
    >
      <WithStyles(ForwardRef(Grid))
        item={true}
      >
        <span
          className="signin-text"
        >
          login.signIn
        </span>
      </WithStyles(ForwardRef(Grid))>
    </WithStyles(ForwardRef(Grid))>
    <WithStyles(ForwardRef(Grid))
      container={true}
      item={true}
      spacing={4}
    >
      <WithStyles(ForwardRef(Grid))
        item={true}
        xs={6}
      >
        <button
          className="social-btn"
          type="button"
        >
          <WithStyles(ForwardRef(Grid))
            alignItems="center"
            container={true}
            direction="row"
            justify="space-around"
          >
            <WithStyles(ForwardRef(Grid))
              item={true}
            >
              <img
                alt="telega"
                className="telega-img"
                src="https://encrypted-tbn0.gstatic.com/images?q=tbn:ANd9GcQBMaYOVMQ7Vi3nJW9CDkeoEgxi1Cm51qakpO13zwNnPi62NYJI"
              />
            </WithStyles(ForwardRef(Grid))>
            <WithStyles(ForwardRef(Grid))
              item={true}
            >
              login.telegram
            </WithStyles(ForwardRef(Grid))>
          </WithStyles(ForwardRef(Grid))>
        </button>
      </WithStyles(ForwardRef(Grid))>
      <WithStyles(ForwardRef(Grid))
        item={true}
        xs={6}
      >
        <button
          className="social-btn"
          type="button"
        >
          <WithStyles(ForwardRef(Grid))
            alignItems="center"
            container={true}
            direction="row"
            justify="space-around"
          >
            <WithStyles(ForwardRef(Grid))
              item={true}
            >
              <img
                alt="vk"
                className="vk-img"
                src="https://cdn.icon-icons.com/icons2/1121/PNG/512/1486147202-social-media-circled-network10_79475.png"
              />
            </WithStyles(ForwardRef(Grid))>
            <WithStyles(ForwardRef(Grid))
              item={true}
            >
              login.vk
            </WithStyles(ForwardRef(Grid))>
          </WithStyles(ForwardRef(Grid))>
        </button>
      </WithStyles(ForwardRef(Grid))>
    </WithStyles(ForwardRef(Grid))>
    <WithStyles(ForwardRef(Grid))
      container={true}
      item={true}
    >
      <Field
        component={[Function]}
        name="login"
        placeholder="login.username"
        type="text"
      />
    </WithStyles(ForwardRef(Grid))>
    <WithStyles(ForwardRef(Grid))
      container={true}
      item={true}
    >
      <Field
        component={[Function]}
        isPassword={true}
        name="password"
        placeholder="login.password"
        type="password"
      />
    </WithStyles(ForwardRef(Grid))>
    <WithStyles(ForwardRef(Grid))
      alignItems="center"
      container={true}
      direction="row"
      item={true}
      justify="space-between"
      xs={12}
    >
      <WithStyles(ForwardRef(Grid))
        alignItems="center"
        container={true}
        item={true}
        xs={5}
      >
        <WithStyles(ForwardRef(Grid))
          item={true}
        >
          <Field
            className="login-checkbox"
            component="input"
            name="rememberMe"
            type="checkbox"
          />
        </WithStyles(ForwardRef(Grid))>
        <WithStyles(ForwardRef(Grid))
          item={true}
        >
          <span>
            login.rememberMe
          </span>
        </WithStyles(ForwardRef(Grid))>
      </WithStyles(ForwardRef(Grid))>
      <WithStyles(ForwardRef(Grid))
        item={true}
        xs={4}
      >
        login.forgotPassword
      </WithStyles(ForwardRef(Grid))>
    </WithStyles(ForwardRef(Grid))>
    <WithStyles(ForwardRef(Grid))
      item={true}
      xs={12}
    >
      <button
        className="button"
        type="submit"
      >
        login.login
      </button>
    </WithStyles(ForwardRef(Grid))>
    <WithStyles(ForwardRef(Grid))
      item={true}
      xs={12}
    >
      <Link
        to="/register"
      >
        <span
          className="no-accaunt"
        >
          login.noAccount
        </span>
      </Link>
      <span>
        login.signIn
      </span>
    </WithStyles(ForwardRef(Grid))>
  </WithStyles(ForwardRef(Grid))>
</form>
`;
